#
# There is insufficient memory for the Java Runtime Environment to continue.
# Native memory allocation (mmap) failed to map 130023424 bytes. Error detail: G1 virtual space
# Possible reasons:
#   The system is out of physical RAM or swap space
#   This process is running with CompressedOops enabled, and the Java Heap may be blocking the growth of the native heap
# Possible solutions:
#   Reduce memory load on the system
#   Increase physical memory or swap space
#   Check if swap backing store is full
#   Decrease Java heap size (-Xmx/-Xms)
#   Decrease number of Java threads
#   Decrease Java thread stack sizes (-Xss)
#   Set larger code cache with -XX:ReservedCodeCacheSize=
#   JVM is running with Unscaled Compressed Oops mode in which the Java heap is
#     placed in the first 4GB address space. The Java Heap base address is the
#     maximum limit for the native heap growth. Please use -XX:HeapBaseMinAddress
#     to set the Java Heap base and to place the Java Heap above 4GB virtual address.
# This output file may be truncated or incomplete.
#
#  Out of Memory Error (os_windows.cpp:3766), pid=11852, tid=10236
#
# JRE version:  (25.0.3+1) (build )
# Java VM: OpenJDK 64-Bit Server VM (25.0.3+1-b329.124, mixed mode, sharing, tiered, compressed oops, compressed class ptrs, g1 gc, windows-amd64)
# No core dump will be written. Minidumps are not enabled by default on client versions of Windows
#

---------------  S U M M A R Y ------------

Command Line: git4idea.http.GitAskPassApp Username for 'https://github.com': 

Host: 12th Gen Intel(R) Core(TM) i5-1235U, 12 cores, 7G,  Windows 11 , 64 bit Build 26100 (10.0.26100.8972)
Time: Wed Aug  5 18:55:31 2026 India Standard Time elapsed time: 2.048125 seconds (0d 0h 0m 2s)

---------------  T H R E A D  ---------------

Current thread (0x00000184d0cb3ed0):  JavaThread "Unknown thread" [_thread_in_vm, id=10236, stack(0x0000007576900000,0x0000007576a00000) (1024K)]

Stack: [0x0000007576900000,0x0000007576a00000]
Native frames: (J=compiled Java code, j=interpreted, Vv=VM code, C=native code)
V  [jvm.dll+0x7c2709]  (no source info available)
V  [jvm.dll+0x78bdfd]  (no source info available)
V  [jvm.dll+0xa10353]  (no source info available)
V  [jvm.dll+0xa12b4c]  (no source info available)
V  [jvm.dll+0xa13243]  (no source info available)
V  [jvm.dll+0x308006]  (no source info available)
V  [jvm.dll+0x7be915]  (no source info available)
V  [jvm.dll+0x7b18c7]  (no source info available)
V  [jvm.dll+0x40211e]  (no source info available)
V  [jvm.dll+0x409f3b]  (no source info available)
V  [jvm.dll+0x3f6779]  (no source info available)
V  [jvm.dll+0x3f6a2b]  (no source info available)
V  [jvm.dll+0x3cca63]  (no source info available)
V  [jvm.dll+0x3cd6ce]  (no source info available)
V  [jvm.dll+0x9d66c7]  (no source info available)
V  [jvm.dll+0x467862]  (no source info available)
V  [jvm.dll+0x9b9df9]  (no source info available)
V  [jvm.dll+0x509c91]  (no source info available)
V  [jvm.dll+0x50b601]  (no source info available)
C  [jli.dll+0x5422]  (no source info available)
C  [ucrtbase.dll+0x2cd30]  (no source info available)
C  [KERNEL32.DLL+0x2ccb7]  (no source info available)
C  [ntdll.dll+0xaad6c]  (no source info available)

Lock stack of current Java thread (top to bottom):


---------------  P R O C E S S  ---------------

Threads class SMR info:
_java_thread_list=0x00007ffe1edbc108, length=0, elements={
}

Java Threads: ( => current thread )
Total: 0

Other Threads:
  0x00000184d31c1150 WorkerThread "GC Thread#0"                     [id=18880, stack(0x0000007576a00000,0x0000007576b00000) (1024K)]
  0x00000184d31f8250 ConcurrentGCThread "G1 Main Marker"            [id=13448, stack(0x0000007576b00000,0x0000007576c00000) (1024K)]
  0x00000184d31f8bf0 WorkerThread "G1 Conc#0"                       [id=20448, stack(0x0000007576c00000,0x0000007576d00000) (1024K)]

[error occurred during error reporting (printing all threads), id 0xc0000005, EXCEPTION_ACCESS_VIOLATION (0xc0000005) at pc=0x00007ffe1e3d183a]
VM state: not at safepoint (not fully initialized)

VM Mutex/Monitor currently owned by a thread:  ([mutex/lock_event])
[0x00007ffe1ee45000] Heap_lock - owner thread: 0x00000184d0cb3ed0

Heap address: 0x0000000084e00000, size: 1970 MB, Compressed Oops mode: 32-bit

CDS archive(s) mapped at: [0x0000000000000000-0x0000000000000000-0x0000000000000000), size 0, SharedBaseAddress: 0x0000000800000000, ArchiveRelocationMode: 1.
UseCompressedClassPointers 1, UseCompactObjectHeaders 0
Narrow klass pointer bits 32, Max shift 3
Narrow klass base: 0xffffffffffffffff, Narrow klass shift: -1
Encoding Range: [0xffffffffffffffff - 0x000000007fffffff), (2147483648 bytes)
Klass Range:    [0x0000000000000000 - 0x0000000000000000), (0 bytes)
Klass ID Range:  [4294967295 - 0) (1)
No protection zone.

GC Precious Log:
 CardTable entry size: 512
 Card Set container configuration: InlinePtr #cards 5 size 8 Array Of Cards #cards 10 size 36 Howl #buckets 4 coarsen threshold 1843 Howl Bitmap #cards 512 size 80 coarsen threshold 460 Card regions per heap region 1 cards per card region 2048

Heap:
 garbage-first heap   total reserved 2017280K, committed 0K, used 0K [0x0000000084e00000, 0x0000000100000000)
  region size 1024K, 0 young (0K), 0 survivors (0K)

Heap Regions: E=young(eden), S=young(survivor), O=old, HS=humongous(starts), HC=humongous(continues), CS=collection set, F=free, TAMS=top-at-mark-start, PB=parsable bottom

Card table byte_map: [0x00000184e6eb0000,0x00000184e7290000] _byte_map_base: 0x00000184e6a89000

Marking Bits: (CMBitMap*) 0x00000184d31c36f0
 Bits: [0x00000184e7290000, 0x00000184e9158000)

GC Heap Usage History (0 events):
No events

Metaspace Usage History (0 events):
No events

Dll operation events (1 events):
Event: 0.027 Loaded shared library C:\Program Files\JetBrains\IntelliJ IDEA 2026.1.3\jbr\bin\java.dll

Deoptimization events (0 events):
No events

Classes loaded (0 events):
No events

Classes unloaded (0 events):
No events

Classes redefined (0 events):
No events

Internal exceptions (0 events):
No events

VM Operations (0 events):
No events

Memory protections (0 events):
No events

Nmethod flushes (0 events):
No events

Events (0 events):
No events


Dynamic libraries:
0x00007ff74fa70000 - 0x00007ff74fa7a000 	C:\Program Files\JetBrains\IntelliJ IDEA 2026.1.3\jbr\bin\java.exe
0x00007ffeca560000 - 0x00007ffeca7c6000 	C:\WINDOWS\SYSTEM32\ntdll.dll
0x00007ffec9b80000 - 0x00007ffec9c49000 	C:\WINDOWS\System32\KERNEL32.DLL
0x00007ffec7a10000 - 0x00007ffec7e0f000 	C:\WINDOWS\System32\KERNELBASE.dll
0x00007ffec7fa0000 - 0x00007ffec80ec000 	C:\WINDOWS\System32\ucrtbase.dll
0x00007ffe83890000 - 0x00007ffe838ae000 	C:\Program Files\JetBrains\IntelliJ IDEA 2026.1.3\jbr\bin\VCRUNTIME140.dll
0x00007ffe99e00000 - 0x00007ffe99e17000 	C:\Program Files\JetBrains\IntelliJ IDEA 2026.1.3\jbr\bin\jli.dll
0x00007ffec8400000 - 0x00007ffec85c6000 	C:\WINDOWS\System32\USER32.dll
0x00007ffec7e20000 - 0x00007ffec7e47000 	C:\WINDOWS\System32\win32u.dll
0x00007ffec8a90000 - 0x00007ffec8abb000 	C:\WINDOWS\System32\GDI32.dll
0x00007ffec78e0000 - 0x00007ffec7a09000 	C:\WINDOWS\System32\gdi32full.dll
0x00007ffea7bf0000 - 0x00007ffea7e81000 	C:\WINDOWS\WinSxS\amd64_microsoft.windows.common-controls_6595b64144ccf1df_6.0.26100.8972_none_3e0da176e32f9d4b\COMCTL32.dll
0x00007ffec7770000 - 0x00007ffec7813000 	C:\WINDOWS\System32\msvcp_win.dll
0x00007ffec8af0000 - 0x00007ffec8b99000 	C:\WINDOWS\System32\msvcrt.dll
0x00007ffec9b40000 - 0x00007ffec9b72000 	C:\WINDOWS\System32\IMM32.DLL
0x00007ffebd620000 - 0x00007ffebd62c000 	C:\Program Files\JetBrains\IntelliJ IDEA 2026.1.3\jbr\bin\vcruntime140_1.dll
0x00007ffe57c60000 - 0x00007ffe57ce9000 	C:\Program Files\JetBrains\IntelliJ IDEA 2026.1.3\jbr\bin\msvcp140.dll
0x00007ffe1dff0000 - 0x00007ffe1ef45000 	C:\Program Files\JetBrains\IntelliJ IDEA 2026.1.3\jbr\bin\server\jvm.dll
0x00007ffec9920000 - 0x00007ffec99dc000 	C:\WINDOWS\System32\ADVAPI32.dll
0x00007ffeca470000 - 0x00007ffeca519000 	C:\WINDOWS\System32\sechost.dll
0x00007ffeca2c0000 - 0x00007ffeca3d8000 	C:\WINDOWS\System32\RPCRT4.dll
0x00007ffec9db0000 - 0x00007ffec9e32000 	C:\WINDOWS\System32\WS2_32.dll
0x00007ffec75f0000 - 0x00007ffec764e000 	C:\WINDOWS\SYSTEM32\POWRPROF.dll
0x00007ffec3ca0000 - 0x00007ffec3cd6000 	C:\WINDOWS\SYSTEM32\WINMM.dll
0x00007ffea89a0000 - 0x00007ffea89ab000 	C:\WINDOWS\SYSTEM32\VERSION.dll
0x00007ffec75d0000 - 0x00007ffec75e5000 	C:\WINDOWS\SYSTEM32\UMPDC.dll
0x00007ffec6460000 - 0x00007ffec647b000 	C:\WINDOWS\SYSTEM32\kernel.appcore.dll
0x00007ffeb45a0000 - 0x00007ffeb45aa000 	C:\Program Files\JetBrains\IntelliJ IDEA 2026.1.3\jbr\bin\jimage.dll
0x00007ffec4dd0000 - 0x00007ffec5012000 	C:\WINDOWS\SYSTEM32\DBGHELP.DLL
0x00007ffec8d40000 - 0x00007ffec90c5000 	C:\WINDOWS\System32\combase.dll
0x00007ffec9f70000 - 0x00007ffeca049000 	C:\WINDOWS\System32\OLEAUT32.dll
0x00007ffea78f0000 - 0x00007ffea792b000 	C:\WINDOWS\SYSTEM32\dbgcore.DLL
0x00007ffec7820000 - 0x00007ffec78cc000 	C:\WINDOWS\System32\bcryptPrimitives.dll
0x00007ffe83870000 - 0x00007ffe8388f000 	C:\Program Files\JetBrains\IntelliJ IDEA 2026.1.3\jbr\bin\java.dll
0x00007ffec8ba0000 - 0x00007ffec8d39000 	C:\WINDOWS\System32\ole32.dll
0x00007ffec90d0000 - 0x00007ffec9858000 	C:\WINDOWS\System32\SHELL32.dll

JVMTI agents: none

dbghelp: loaded successfully - version: 4.0.5 - missing functions: none
symbol engine: initialized successfully - sym options: 0x614 - pdb path: .;C:\Program Files\JetBrains\IntelliJ IDEA 2026.1.3\jbr\bin;C:\WINDOWS\SYSTEM32;C:\WINDOWS\WinSxS\amd64_microsoft.windows.common-controls_6595b64144ccf1df_6.0.26100.8972_none_3e0da176e32f9d4b;C:\Program Files\JetBrains\IntelliJ IDEA 2026.1.3\jbr\bin\server

VM Arguments:
java_command: git4idea.http.GitAskPassApp Username for 'https://github.com': 
java_class_path (initial): C:/Program Files/JetBrains/IntelliJ IDEA 2026.1.3/plugins/vcs-git/lib/git4idea-rt.jar;C:/Program Files/JetBrains/IntelliJ IDEA 2026.1.3/lib/externalProcess-rt.jar
Launcher Type: SUN_STANDARD

[Global flags]
     intx CICompilerCount                          = 4                                         {product} {ergonomic}
     uint ConcGCThreads                            = 3                                         {product} {ergonomic}
     uint G1ConcRefinementThreads                  = 10                                        {product} {ergonomic}
   size_t G1HeapRegionSize                         = 1048576                                   {product} {ergonomic}
   size_t InitialHeapSize                          = 130023424                                 {product} {ergonomic}
   size_t MarkStackSize                            = 4194304                                   {product} {ergonomic}
   size_t MarkStackSizeMax                         = 536870912                                 {product} {ergonomic}
   size_t MaxHeapSize                              = 2065694720                                {product} {ergonomic}
   size_t MinHeapDeltaBytes                        = 1048576                                   {product} {ergonomic}
   size_t MinHeapSize                              = 8388608                                   {product} {ergonomic}
    uintx NonNMethodCodeHeapSize                   = 5898240                                {pd product} {ergonomic}
    uintx NonProfiledCodeHeapSize                  = 122945536                              {pd product} {ergonomic}
    uintx ProfiledCodeHeapSize                     = 122945536                              {pd product} {ergonomic}
    uintx ReservedCodeCacheSize                    = 251789312                              {pd product} {ergonomic}
     bool SegmentedCodeCache                       = true                                      {product} {ergonomic}
   size_t SoftMaxHeapSize                          = 2065694720                             {manageable} {ergonomic}
     bool UseCompressedOops                        = true                           {product lp64_product} {ergonomic}
     bool UseG1GC                                  = true                                      {product} {ergonomic}
     bool UseLargePagesIndividualAllocation        = false                                  {pd product} {ergonomic}

Logging:
Log output configuration:
 #0: stdout all=warning uptime,level,tags foldmultilines=false
 #1: stderr all=off uptime,level,tags foldmultilines=false

Release file:
<release file has not been read>
Environment Variables:
JAVA_HOME=C:\Program Files\Java\jdk-25
PATH=C:/Program Files/Git/mingw64/libexec/git-core;C:/Program Files/Git/mingw64/libexec/git-core;C:\Program Files\Git\mingw64\bin;C:\Program Files\Git\usr\bin;C:\Users\Mahendra\bin;C:\Program Files\Common Files\Oracle\Java\javapath;C:\Program Files\Python313\Scripts\;C:\Program Files\Python313\;C:\Python36-32\Scripts\;C:\Python36-32\;C:\Program Files\Python312\Scripts\;C:\Program Files\Python312\;C:\WINDOWS\system32;C:\WINDOWS;C:\WINDOWS\System32\Wbem;C:\WINDOWS\System32\WindowsPowerShell\v1.0\;C:\WINDOWS\System32\OpenSSH\;C:\Program Files\dotnet\;C:\xampp\php;C:\ProgramData\ComposerSetup\bin;C:\Program Files\Java\jdk-25\bin;%HADOOP_HOME%\bin;%HADOOP_HOME%\sbin;C:\Program Files\MySQL\MySQL Server 5.7\bin;C:\Sahil_Ghorpade\sqoop-1.4.7.bin__hadoop-2.6.0\bin;C:\Program Files\MongoDB\Server\8.2\bin;C:\Sahil_Ghorpade\apache-maven-3.9.11\bin;C:\Sahil_Ghorpade\cmake\bin;C:\Sahil_Ghorpade\protoc\bin;C:\Program Files\Git\cmd;C:\Program Files\Git\mingw64\bin;C:\Program Files\Git\usr\bin;C:\Program Files\nodejs\;C:\Program Files\Apache\Maven\bin;C:\Users\Mahendra\AppData\Roaming\nvm;C:\Users\Mahendra\AppData\Roaming\nvm\v20.19.6;C:\Program Files\Python313\Scripts\;C:\Program Files\Python313\;C:\Python36-32\Scripts\;C:\Python36-32\;C:\Program Files\Python312\Scripts\;C:\Program Files\Python312\;C:\WINDOWS\system32;C:\WINDOWS;C:\WINDOWS\System32\Wbem;C:\WINDOWS\System32\WindowsPowerShell\v1.0\;C:\WINDOWS\System32\OpenSSH\;C:\Program Files\dotnet\;C:\xampp\php;C:\ProgramData\ComposerSetup\bin;C:\java\jdk-11\bin;C:\Sahil_Ghorpade\hadoop-3.3.6\bin;C:\Sahil_Ghorpade\hadoop-3.3.6\sbin;C:\Program Files\MySQL\MySQL Server 5.7\bin;C:\Sahil_Ghorpade\sqoop-1.4.7.bin__hadoop-2.6.0\bin;C:\Program Files\MongoDB\Server\8.2\bin;C:\Sahil_Ghorpade\apache-maven-3.9.11\bin;C:\Sahil_Ghorpade\cmake\bin;C:\Sahil_Ghorpade\protoc\bin;C:\Program Files\Git\cmd;C:\Program Files\Git\mingw64\bin;C:\Program Files\Git\usr\bin;C:\Program Files\nodejs\;C:\Users\Mahendra\AppData\Local\Programs\Python\Python313\Scripts\;C:\Users\Mahendra\AppData\Local\Programs\Python\Python313\;C:\Users;C:\ProgramData\nvm;C:\Program Files\nodejs;C:\Users\Mahendra\AppData\Local\Programs\mongosh\;C:\Users\Mahendra\AppData\Local\Programs\Microsoft VS Code\bin;C:\Users\Mahendra\AppData\Local\Programs\Antigravity\bin;C:\Users\Mahendra\AppData\Local\Programs\Antigravity IDE\bin;C:\Users\Mahendra\AppData\Roaming\npm;C:\Program Files\JetBrains\IntelliJ IDEA 2026.1.3\bin
USERNAME=Mahendra
DISPLAY=:0.0
LC_ALL=en_US.UTF-8
TERM=xterm-256color
TMPDIR=C:\Users\Mahendra\AppData\Local\Temp
OS=Windows_NT
PROCESSOR_IDENTIFIER=Intel64 Family 6 Model 154 Stepping 4, GenuineIntel
TMP=C:\Users\Mahendra\AppData\Local\Temp
TEMP=C:\Users\Mahendra\AppData\Local\Temp




Compilation memory statistics disabled.

Periodic native trim disabled

JNI global refs:
JNI global refs: 0, weak refs: 0

JNI global refs memory usage: 0, weak refs: 0

Process memory usage:
Resident Set Size: 14572K (0% of 8065780K total physical memory with 474116K free physical memory)

OOME stack traces (most recent first):
Classloader memory used:

---------------  S Y S T E M  ---------------

OS:
 Windows 11 , 64 bit Build 26100 (10.0.26100.8972)
OS uptime: 6 days 9:47 hours
Hyper-V role detected

CPU: total 12 (initial active 12) (6 cores per cpu, 2 threads per core) family 6 model 154 stepping 4 microcode 0x43b, cx8, cmov, fxsr, ht, mmx, 3dnowpref, sse, sse2, sse3, ssse3, sse4.1, sse4.2, popcnt, lzcnt, tsc, tscinvbit, avx, avx2, aes, erms, clmul, bmi1, bmi2, adx, sha, fma, vzeroupper, clflush, clflushopt, clwb, hv, serialize, rdtscp, rdpid, fsrm, gfni, f16c, cet_ibt, cet_ss
Processor Information for the first 12 processors :
  Max Mhz: 1300, Current Mhz: 1300, Mhz Limit: 1300

Memory: 4k page, system-wide physical 7876M (463M free)
TotalPageFile size 32452M (AvailPageFile size 88M)
current process WorkingSet (physical memory assigned to process): 14M, peak: 14M
current process commit charge ("private bytes"): 65M, peak: 188M

vm_info: OpenJDK 64-Bit Server VM (25.0.3+1-b329.124) for windows-amd64 JRE (25.0.3+1-b329.124), built on 2026-04-30 with MS VC++ 17.14 (VS2022)

END.
