#
# There is insufficient memory for the Java Runtime Environment to continue.
# Native memory allocation (malloc) failed to allocate 1849200 bytes. Error detail: Chunk::new
# Possible reasons:
#   The system is out of physical RAM or swap space
#   This process is running with CompressedOops enabled, and the Java Heap may be blocking the growth of the native heap
# Possible solutions:
#   Reduce memory load on the system
#   Increase physical memory or swap space
#   Check if swap backing store is full
#   Decrease Java heap size (-Xmx/-Xms)
#   Decrease number of Java threads
#   Decrease Java thread stack sizes (-Xss)
#   Set larger code cache with -XX:ReservedCodeCacheSize=
#   JVM is running with Unscaled Compressed Oops mode in which the Java heap is
#     placed in the first 4GB address space. The Java Heap base address is the
#     maximum limit for the native heap growth. Please use -XX:HeapBaseMinAddress
#     to set the Java Heap base and to place the Java Heap above 4GB virtual address.
# This output file may be truncated or incomplete.
#
#  Out of Memory Error (arena.cpp:186), pid=14752, tid=21496
#
# JRE version: Java(TM) SE Runtime Environment (25.0.1+8) (build 25.0.1+8-LTS-27)
# Java VM: Java HotSpot(TM) 64-Bit Server VM (25.0.1+8-LTS-27, mixed mode, sharing, tiered, compressed oops, compressed class ptrs, g1 gc, windows-amd64)
# No core dump will be written. Minidumps are not enabled by default on client versions of Windows
#

---------------  S U M M A R Y ------------

Command Line: --enable-native-access=ALL-UNNAMED -Dclassworlds.conf=C:\Program Files\Apache\Maven\bin\m2.conf -Dmaven.home=C:\Program Files\Apache\Maven -Dlibrary.jansi.path=C:\Program Files\Apache\Maven\lib\jansi-native -Dmaven.multiModuleProjectDirectory=C:\Users\Mahendra\OneDrive\Desktop\Projects\nurl org.codehaus.plexus.classworlds.launcher.Launcher spring-boot:run

Host: 12th Gen Intel(R) Core(TM) i5-1235U, 12 cores, 7G,  Windows 11 , 64 bit Build 26100 (10.0.26100.8972)
Time: Wed Aug  5 21:45:58 2026 India Standard Time elapsed time: 14.799816 seconds (0d 0h 0m 14s)

---------------  T H R E A D  ---------------

Current thread (0x00000219f35e80b0):  JavaThread "C2 CompilerThread0" daemon [_thread_in_native, id=21496, stack(0x0000009689a00000,0x0000009689b00000) (1024K)]


Current CompileTask:
C2:14800 5707       4       java.lang.invoke.MethodType::makeImpl (109 bytes)

Stack: [0x0000009689a00000,0x0000009689b00000]
Native frames: (J=compiled Java code, j=interpreted, Vv=VM code, C=native code)
V  [jvm.dll+0x7a6b59]  (no source info available)
V  [jvm.dll+0x77290d]  (no source info available)
V  [jvm.dll+0x966153]  (no source info available)
V  [jvm.dll+0x968751]  (no source info available)
V  [jvm.dll+0x968e53]  (no source info available)
V  [jvm.dll+0x2fc756]  (no source info available)
V  [jvm.dll+0x111b26]  (no source info available)
V  [jvm.dll+0x111e4e]  (no source info available)
V  [jvm.dll+0x45242d]  (no source info available)
V  [jvm.dll+0x421762]  (no source info available)
V  [jvm.dll+0x420b7a]  (no source info available)
V  [jvm.dll+0x2c08a9]  (no source info available)
V  [jvm.dll+0x2bfa8f]  (no source info available)
V  [jvm.dll+0x237b60]  (no source info available)
V  [jvm.dll+0x2cfb56]  (no source info available)
V  [jvm.dll+0x2cddd5]  (no source info available)
V  [jvm.dll+0x48e6d1]  (no source info available)
V  [jvm.dll+0x906a0d]  (no source info available)
V  [jvm.dll+0x7a5135]  (no source info available)
C  [ucrtbase.dll+0x2cd30]  (no source info available)
C  [KERNEL32.DLL+0x2ccb7]  (no source info available)
C  [ntdll.dll+0xaad6c]  (no source info available)

Lock stack of current Java thread (top to bottom):


---------------  P R O C E S S  ---------------

Threads class SMR info:
_java_thread_list=0x00000219f8f04830, length=12, elements={
0x00000219d41a5f70, 0x00000219d6722a00, 0x00000219d67231d0, 0x00000219f35cd3a0,
0x00000219f35d6b20, 0x00000219f35d5b80, 0x00000219f35d7ac0, 0x00000219f35e80b0,
0x00000219f35fed00, 0x00000219f35da9a0, 0x00000219f35db170, 0x00000219f35d1220
}

Java Threads: ( => current thread )
  0x00000219d41a5f70 JavaThread "main"                              [_thread_in_native, id=16740, stack(0x0000009688c00000,0x0000009688d00000) (1024K)]
  0x00000219d6722a00 JavaThread "Reference Handler"          daemon [_thread_blocked, id=2760, stack(0x0000009689400000,0x0000009689500000) (1024K)]
  0x00000219d67231d0 JavaThread "Finalizer"                  daemon [_thread_blocked, id=9948, stack(0x0000009689500000,0x0000009689600000) (1024K)]
  0x00000219f35cd3a0 JavaThread "Signal Dispatcher"          daemon [_thread_blocked, id=23988, stack(0x0000009689600000,0x0000009689700000) (1024K)]
  0x00000219f35d6b20 JavaThread "Attach Listener"            daemon [_thread_blocked, id=27096, stack(0x0000009689700000,0x0000009689800000) (1024K)]
  0x00000219f35d5b80 JavaThread "Service Thread"             daemon [_thread_blocked, id=25736, stack(0x0000009689800000,0x0000009689900000) (1024K)]
  0x00000219f35d7ac0 JavaThread "Monitor Deflation Thread"   daemon [_thread_blocked, id=26284, stack(0x0000009689900000,0x0000009689a00000) (1024K)]
=>0x00000219f35e80b0 JavaThread "C2 CompilerThread0"         daemon [_thread_in_native, id=21496, stack(0x0000009689a00000,0x0000009689b00000) (1024K)]
  0x00000219f35fed00 JavaThread "C1 CompilerThread0"         daemon [_thread_blocked, id=12040, stack(0x0000009689b00000,0x0000009689c00000) (1024K)]
  0x00000219f35da9a0 JavaThread "Notification Thread"        daemon [_thread_blocked, id=14568, stack(0x0000009689c00000,0x0000009689d00000) (1024K)]
  0x00000219f35db170 JavaThread "Common-Cleaner"             daemon [_thread_blocked, id=12096, stack(0x0000009689d00000,0x0000009689e00000) (1024K)]
  0x00000219f35d1220 JavaThread "Thread-1"                   daemon [_thread_blocked, id=9196, stack(0x000000968a200000,0x000000968a300000) (1024K)]
Total: 12

Other Threads:
  0x00000219f35bc160 VMThread "VM Thread"                           [id=26160, stack(0x0000009689300000,0x0000009689400000) (1024K)]
  0x00000219f35ae720 WatcherThread "VM Periodic Task Thread"        [id=4256, stack(0x0000009689200000,0x0000009689300000) (1024K)]
  0x00000219d66cd6c0 WorkerThread "GC Thread#0"                     [id=6172, stack(0x0000009688d00000,0x0000009688e00000) (1024K)]
  0x00000219f8de1a20 WorkerThread "GC Thread#1"                     [id=8040, stack(0x0000009689e00000,0x0000009689f00000) (1024K)]
  0x00000219f8a89040 WorkerThread "GC Thread#2"                     [id=28572, stack(0x0000009689f00000,0x000000968a000000) (1024K)]
  0x00000219f8e834d0 WorkerThread "GC Thread#3"                     [id=8676, stack(0x000000968a000000,0x000000968a100000) (1024K)]
  0x00000219f8e83900 WorkerThread "GC Thread#4"                     [id=27576, stack(0x000000968a100000,0x000000968a200000) (1024K)]
  0x00000219f89e92c0 WorkerThread "GC Thread#5"                     [id=12332, stack(0x000000968a300000,0x000000968a400000) (1024K)]
  0x00000219f89e9710 WorkerThread "GC Thread#6"                     [id=23244, stack(0x000000968a400000,0x000000968a500000) (1024K)]
  0x00000219f89e9b60 WorkerThread "GC Thread#7"                     [id=1248, stack(0x000000968a500000,0x000000968a600000) (1024K)]
  0x00000219f89e9fb0 WorkerThread "GC Thread#8"                     [id=11720, stack(0x000000968a600000,0x000000968a700000) (1024K)]
  0x00000219f89ea400 WorkerThread "GC Thread#9"                     [id=23500, stack(0x000000968a700000,0x000000968a800000) (1024K)]
  0x00000219d66e8800 ConcurrentGCThread "G1 Main Marker"            [id=1120, stack(0x0000009688e00000,0x0000009688f00000) (1024K)]
  0x00000219d66eb1b0 WorkerThread "G1 Conc#0"                       [id=21600, stack(0x0000009688f00000,0x0000009689000000) (1024K)]
  0x00000219f347d6e0 ConcurrentGCThread "G1 Refine#0"               [id=26772, stack(0x0000009689000000,0x0000009689100000) (1024K)]
  0x00000219f347dfa0 ConcurrentGCThread "G1 Service"                [id=7020, stack(0x0000009689100000,0x0000009689200000) (1024K)]
Total: 16

Threads with active compile tasks:
C2 CompilerThread0  15147 5707       4       java.lang.invoke.MethodType::makeImpl (109 bytes)
Total: 1

VM state: not at safepoint (normal execution)

VM Mutex/Monitor currently owned by a thread: None

Heap address: 0x0000000084e00000, size: 1970 MB, Compressed Oops mode: 32-bit

CDS archive(s) mapped at: [0x0000000003000000-0x0000000003dd0000-0x0000000003dd0000), size 14483456, SharedBaseAddress: 0x0000000003000000, ArchiveRelocationMode: 1.
Compressed class space mapped at: 0x0000000004000000-0x0000000044000000, reserved size: 1073741824
UseCompressedClassPointers 1, UseCompactObjectHeaders 0
Narrow klass pointer bits 32, Max shift 3
Narrow klass base: 0x0000000003000000, Narrow klass shift: 0
Encoding Range: [0x0000000003000000 - 0x0000000103000000), (4294967296 bytes)
Klass Range:    [0x0000000003010000 - 0x0000000044000000), (1090453504 bytes)
Klass ID Range:  [65536 - 1090519033) (1090453497)
Protection zone: [0x0000000003000000 - 0x0000000003010000), (65536 bytes)

GC Precious Log:
 CardTable entry size: 512
 Card Set container configuration: InlinePtr #cards 5 size 8 Array Of Cards #cards 10 size 36 Howl #buckets 4 coarsen threshold 1843 Howl Bitmap #cards 512 size 80 coarsen threshold 460 Card regions per heap region 1 cards per card region 2048
 CPUs: 12 total, 12 available
 Memory: 7876M
 Large Page Support: Disabled
 NUMA Support: Disabled
 Compressed Oops: Enabled (32-bit)
 Heap Region Size: 1M
 Heap Min Capacity: 8M
 Heap Initial Capacity: 124M
 Heap Max Capacity: 1970M
 Pre-touch: Disabled
 Parallel Workers: 10
 Concurrent Workers: 3
 Concurrent Refinement Workers: 10
 Periodic GC: Disabled

Heap:
 garbage-first heap   total reserved 2017280K, committed 129024K, used 44641K [0x0000000084e00000, 0x0000000100000000)
  region size 1024K, 33 young (33792K), 4 survivors (4096K)

Heap Regions: E=young(eden), S=young(survivor), O=old, HS=humongous(starts), HC=humongous(continues), CS=collection set, F=free, TAMS=top-at-mark-start, PB=parsable bottom
|   0|0x0000000084e00000, 0x0000000084f00000, 0x0000000084f00000|100%| O|  |TAMS 0x0000000084e00000| PB 0x0000000084e00000| Untracked |  0
|   1|0x0000000084f00000, 0x0000000085000000, 0x0000000085000000|100%| O|  |TAMS 0x0000000084f00000| PB 0x0000000084f00000| Untracked |  0
|   2|0x0000000085000000, 0x0000000085100000, 0x0000000085100000|100%| O|  |TAMS 0x0000000085000000| PB 0x0000000085000000| Untracked |  0
|   3|0x0000000085100000, 0x0000000085200000, 0x0000000085200000|100%| O|  |TAMS 0x0000000085100000| PB 0x0000000085100000| Untracked |  0
|   4|0x0000000085200000, 0x0000000085300000, 0x0000000085300000|100%| O|  |TAMS 0x0000000085200000| PB 0x0000000085200000| Untracked |  0
|   5|0x0000000085300000, 0x0000000085400000, 0x0000000085400000|100%| O|  |TAMS 0x0000000085300000| PB 0x0000000085300000| Untracked |  0
|   6|0x0000000085400000, 0x0000000085500000, 0x0000000085500000|100%| O|  |TAMS 0x0000000085400000| PB 0x0000000085400000| Untracked |  0
|   7|0x0000000085500000, 0x0000000085600000, 0x0000000085600000|100%| O|  |TAMS 0x0000000085500000| PB 0x0000000085500000| Untracked |  0
|   8|0x0000000085600000, 0x0000000085700000, 0x0000000085700000|100%| O|  |TAMS 0x0000000085600000| PB 0x0000000085600000| Untracked |  0
|   9|0x0000000085700000, 0x0000000085800000, 0x0000000085800000|100%| O|  |TAMS 0x0000000085700000| PB 0x0000000085700000| Untracked |  0
|  10|0x0000000085800000, 0x0000000085900000, 0x0000000085900000|100%| O|  |TAMS 0x0000000085800000| PB 0x0000000085800000| Untracked |  0
|  11|0x0000000085900000, 0x0000000085a00000, 0x0000000085a00000|100%|HS|  |TAMS 0x0000000085900000| PB 0x0000000085900000| Complete |  0
|  12|0x0000000085a00000, 0x0000000085a00000, 0x0000000085b00000|  0%| F|  |TAMS 0x0000000085a00000| PB 0x0000000085a00000| Untracked |  0
|  13|0x0000000085b00000, 0x0000000085b00000, 0x0000000085c00000|  0%| F|  |TAMS 0x0000000085b00000| PB 0x0000000085b00000| Untracked |  0
|  14|0x0000000085c00000, 0x0000000085c00000, 0x0000000085d00000|  0%| F|  |TAMS 0x0000000085c00000| PB 0x0000000085c00000| Untracked |  0
|  15|0x0000000085d00000, 0x0000000085d00000, 0x0000000085e00000|  0%| F|  |TAMS 0x0000000085d00000| PB 0x0000000085d00000| Untracked |  0
|  16|0x0000000085e00000, 0x0000000085e00000, 0x0000000085f00000|  0%| F|  |TAMS 0x0000000085e00000| PB 0x0000000085e00000| Untracked |  0
|  17|0x0000000085f00000, 0x0000000085f00000, 0x0000000086000000|  0%| F|  |TAMS 0x0000000085f00000| PB 0x0000000085f00000| Untracked |  0
|  18|0x0000000086000000, 0x0000000086000000, 0x0000000086100000|  0%| F|  |TAMS 0x0000000086000000| PB 0x0000000086000000| Untracked |  0
|  19|0x0000000086100000, 0x0000000086100000, 0x0000000086200000|  0%| F|  |TAMS 0x0000000086100000| PB 0x0000000086100000| Untracked |  0
|  20|0x0000000086200000, 0x0000000086200000, 0x0000000086300000|  0%| F|  |TAMS 0x0000000086200000| PB 0x0000000086200000| Untracked |  0
|  21|0x0000000086300000, 0x0000000086300000, 0x0000000086400000|  0%| F|  |TAMS 0x0000000086300000| PB 0x0000000086300000| Untracked |  0
|  22|0x0000000086400000, 0x0000000086400000, 0x0000000086500000|  0%| F|  |TAMS 0x0000000086400000| PB 0x0000000086400000| Untracked |  0
|  23|0x0000000086500000, 0x0000000086500000, 0x0000000086600000|  0%| F|  |TAMS 0x0000000086500000| PB 0x0000000086500000| Untracked |  0
|  24|0x0000000086600000, 0x0000000086600000, 0x0000000086700000|  0%| F|  |TAMS 0x0000000086600000| PB 0x0000000086600000| Untracked |  0
|  25|0x0000000086700000, 0x0000000086700000, 0x0000000086800000|  0%| F|  |TAMS 0x0000000086700000| PB 0x0000000086700000| Untracked |  0
|  26|0x0000000086800000, 0x0000000086800000, 0x0000000086900000|  0%| F|  |TAMS 0x0000000086800000| PB 0x0000000086800000| Untracked |  0
|  27|0x0000000086900000, 0x0000000086900000, 0x0000000086a00000|  0%| F|  |TAMS 0x0000000086900000| PB 0x0000000086900000| Untracked |  0
|  28|0x0000000086a00000, 0x0000000086a00000, 0x0000000086b00000|  0%| F|  |TAMS 0x0000000086a00000| PB 0x0000000086a00000| Untracked |  0
|  29|0x0000000086b00000, 0x0000000086b00000, 0x0000000086c00000|  0%| F|  |TAMS 0x0000000086b00000| PB 0x0000000086b00000| Untracked |  0
|  30|0x0000000086c00000, 0x0000000086c00000, 0x0000000086d00000|  0%| F|  |TAMS 0x0000000086c00000| PB 0x0000000086c00000| Untracked |  0
|  31|0x0000000086d00000, 0x0000000086d00000, 0x0000000086e00000|  0%| F|  |TAMS 0x0000000086d00000| PB 0x0000000086d00000| Untracked |  0
|  32|0x0000000086e00000, 0x0000000086e00000, 0x0000000086f00000|  0%| F|  |TAMS 0x0000000086e00000| PB 0x0000000086e00000| Untracked |  0
|  33|0x0000000086f00000, 0x0000000086f00000, 0x0000000087000000|  0%| F|  |TAMS 0x0000000086f00000| PB 0x0000000086f00000| Untracked |  0
|  34|0x0000000087000000, 0x0000000087000000, 0x0000000087100000|  0%| F|  |TAMS 0x0000000087000000| PB 0x0000000087000000| Untracked |  0
|  35|0x0000000087100000, 0x0000000087100000, 0x0000000087200000|  0%| F|  |TAMS 0x0000000087100000| PB 0x0000000087100000| Untracked |  0
|  36|0x0000000087200000, 0x0000000087200000, 0x0000000087300000|  0%| F|  |TAMS 0x0000000087200000| PB 0x0000000087200000| Untracked |  0
|  37|0x0000000087300000, 0x0000000087300000, 0x0000000087400000|  0%| F|  |TAMS 0x0000000087300000| PB 0x0000000087300000| Untracked |  0
|  38|0x0000000087400000, 0x0000000087400000, 0x0000000087500000|  0%| F|  |TAMS 0x0000000087400000| PB 0x0000000087400000| Untracked |  0
|  39|0x0000000087500000, 0x0000000087500000, 0x0000000087600000|  0%| F|  |TAMS 0x0000000087500000| PB 0x0000000087500000| Untracked |  0
|  40|0x0000000087600000, 0x0000000087600000, 0x0000000087700000|  0%| F|  |TAMS 0x0000000087600000| PB 0x0000000087600000| Untracked |  0
|  41|0x0000000087700000, 0x0000000087700000, 0x0000000087800000|  0%| F|  |TAMS 0x0000000087700000| PB 0x0000000087700000| Untracked |  0
|  42|0x0000000087800000, 0x0000000087800000, 0x0000000087900000|  0%| F|  |TAMS 0x0000000087800000| PB 0x0000000087800000| Untracked |  0
|  43|0x0000000087900000, 0x0000000087900000, 0x0000000087a00000|  0%| F|  |TAMS 0x0000000087900000| PB 0x0000000087900000| Untracked |  0
|  44|0x0000000087a00000, 0x0000000087a00000, 0x0000000087b00000|  0%| F|  |TAMS 0x0000000087a00000| PB 0x0000000087a00000| Untracked |  0
|  45|0x0000000087b00000, 0x0000000087b00000, 0x0000000087c00000|  0%| F|  |TAMS 0x0000000087b00000| PB 0x0000000087b00000| Untracked |  0
|  46|0x0000000087c00000, 0x0000000087c00000, 0x0000000087d00000|  0%| F|  |TAMS 0x0000000087c00000| PB 0x0000000087c00000| Untracked |  0
|  47|0x0000000087d00000, 0x0000000087d00000, 0x0000000087e00000|  0%| F|  |TAMS 0x0000000087d00000| PB 0x0000000087d00000| Untracked |  0
|  48|0x0000000087e00000, 0x0000000087e00000, 0x0000000087f00000|  0%| F|  |TAMS 0x0000000087e00000| PB 0x0000000087e00000| Untracked |  0
|  49|0x0000000087f00000, 0x0000000087f00000, 0x0000000088000000|  0%| F|  |TAMS 0x0000000087f00000| PB 0x0000000087f00000| Untracked |  0
|  50|0x0000000088000000, 0x0000000088073090, 0x0000000088100000| 44%| S|CS|TAMS 0x0000000088000000| PB 0x0000000088000000| Complete |  0
|  51|0x0000000088100000, 0x0000000088200000, 0x0000000088200000|100%| S|CS|TAMS 0x0000000088100000| PB 0x0000000088100000| Complete |  0
|  52|0x0000000088200000, 0x0000000088300000, 0x0000000088300000|100%| S|CS|TAMS 0x0000000088200000| PB 0x0000000088200000| Complete |  0
|  53|0x0000000088300000, 0x0000000088400000, 0x0000000088400000|100%| S|CS|TAMS 0x0000000088300000| PB 0x0000000088300000| Complete |  0
|  54|0x0000000088400000, 0x0000000088400000, 0x0000000088500000|  0%| F|  |TAMS 0x0000000088400000| PB 0x0000000088400000| Untracked |  0
|  55|0x0000000088500000, 0x0000000088500000, 0x0000000088600000|  0%| F|  |TAMS 0x0000000088500000| PB 0x0000000088500000| Untracked |  0
|  56|0x0000000088600000, 0x0000000088600000, 0x0000000088700000|  0%| F|  |TAMS 0x0000000088600000| PB 0x0000000088600000| Untracked |  0
|  57|0x0000000088700000, 0x0000000088700000, 0x0000000088800000|  0%| F|  |TAMS 0x0000000088700000| PB 0x0000000088700000| Untracked |  0
|  58|0x0000000088800000, 0x0000000088800000, 0x0000000088900000|  0%| F|  |TAMS 0x0000000088800000| PB 0x0000000088800000| Untracked |  0
|  59|0x0000000088900000, 0x0000000088900000, 0x0000000088a00000|  0%| F|  |TAMS 0x0000000088900000| PB 0x0000000088900000| Untracked |  0
|  60|0x0000000088a00000, 0x0000000088a00000, 0x0000000088b00000|  0%| F|  |TAMS 0x0000000088a00000| PB 0x0000000088a00000| Untracked |  0
|  61|0x0000000088b00000, 0x0000000088b00000, 0x0000000088c00000|  0%| F|  |TAMS 0x0000000088b00000| PB 0x0000000088b00000| Untracked |  0
|  62|0x0000000088c00000, 0x0000000088c00000, 0x0000000088d00000|  0%| F|  |TAMS 0x0000000088c00000| PB 0x0000000088c00000| Untracked |  0
|  63|0x0000000088d00000, 0x0000000088d00000, 0x0000000088e00000|  0%| F|  |TAMS 0x0000000088d00000| PB 0x0000000088d00000| Untracked |  0
|  64|0x0000000088e00000, 0x0000000088e00000, 0x0000000088f00000|  0%| F|  |TAMS 0x0000000088e00000| PB 0x0000000088e00000| Untracked |  0
|  65|0x0000000088f00000, 0x0000000088f00000, 0x0000000089000000|  0%| F|  |TAMS 0x0000000088f00000| PB 0x0000000088f00000| Untracked |  0
|  66|0x0000000089000000, 0x0000000089000000, 0x0000000089100000|  0%| F|  |TAMS 0x0000000089000000| PB 0x0000000089000000| Untracked |  0
|  67|0x0000000089100000, 0x0000000089100000, 0x0000000089200000|  0%| F|  |TAMS 0x0000000089100000| PB 0x0000000089100000| Untracked |  0
|  68|0x0000000089200000, 0x0000000089200000, 0x0000000089300000|  0%| F|  |TAMS 0x0000000089200000| PB 0x0000000089200000| Untracked |  0
|  69|0x0000000089300000, 0x0000000089300000, 0x0000000089400000|  0%| F|  |TAMS 0x0000000089300000| PB 0x0000000089300000| Untracked |  0
|  70|0x0000000089400000, 0x0000000089400000, 0x0000000089500000|  0%| F|  |TAMS 0x0000000089400000| PB 0x0000000089400000| Untracked |  0
|  71|0x0000000089500000, 0x0000000089500000, 0x0000000089600000|  0%| F|  |TAMS 0x0000000089500000| PB 0x0000000089500000| Untracked |  0
|  72|0x0000000089600000, 0x0000000089600000, 0x0000000089700000|  0%| F|  |TAMS 0x0000000089600000| PB 0x0000000089600000| Untracked |  0
|  73|0x0000000089700000, 0x0000000089700000, 0x0000000089800000|  0%| F|  |TAMS 0x0000000089700000| PB 0x0000000089700000| Untracked |  0
|  74|0x0000000089800000, 0x0000000089800000, 0x0000000089900000|  0%| F|  |TAMS 0x0000000089800000| PB 0x0000000089800000| Untracked |  0
|  75|0x0000000089900000, 0x0000000089900000, 0x0000000089a00000|  0%| F|  |TAMS 0x0000000089900000| PB 0x0000000089900000| Untracked |  0
|  76|0x0000000089a00000, 0x0000000089a00000, 0x0000000089b00000|  0%| F|  |TAMS 0x0000000089a00000| PB 0x0000000089a00000| Untracked |  0
|  77|0x0000000089b00000, 0x0000000089b00000, 0x0000000089c00000|  0%| F|  |TAMS 0x0000000089b00000| PB 0x0000000089b00000| Untracked |  0
|  78|0x0000000089c00000, 0x0000000089c00000, 0x0000000089d00000|  0%| F|  |TAMS 0x0000000089c00000| PB 0x0000000089c00000| Untracked |  0
|  79|0x0000000089d00000, 0x0000000089d00000, 0x0000000089e00000|  0%| F|  |TAMS 0x0000000089d00000| PB 0x0000000089d00000| Untracked |  0
|  80|0x0000000089e00000, 0x0000000089e00000, 0x0000000089f00000|  0%| F|  |TAMS 0x0000000089e00000| PB 0x0000000089e00000| Untracked |  0
|  81|0x0000000089f00000, 0x0000000089f00000, 0x000000008a000000|  0%| F|  |TAMS 0x0000000089f00000| PB 0x0000000089f00000| Untracked |  0
|  82|0x000000008a000000, 0x000000008a000000, 0x000000008a100000|  0%| F|  |TAMS 0x000000008a000000| PB 0x000000008a000000| Untracked |  0
|  83|0x000000008a100000, 0x000000008a100000, 0x000000008a200000|  0%| F|  |TAMS 0x000000008a100000| PB 0x000000008a100000| Untracked |  0
|  84|0x000000008a200000, 0x000000008a200000, 0x000000008a300000|  0%| F|  |TAMS 0x000000008a200000| PB 0x000000008a200000| Untracked |  0
|  85|0x000000008a300000, 0x000000008a300000, 0x000000008a400000|  0%| F|  |TAMS 0x000000008a300000| PB 0x000000008a300000| Untracked |  0
|  86|0x000000008a400000, 0x000000008a400000, 0x000000008a500000|  0%| F|  |TAMS 0x000000008a400000| PB 0x000000008a400000| Untracked |  0
|  87|0x000000008a500000, 0x000000008a500000, 0x000000008a600000|  0%| F|  |TAMS 0x000000008a500000| PB 0x000000008a500000| Untracked |  0
|  88|0x000000008a600000, 0x000000008a600000, 0x000000008a700000|  0%| F|  |TAMS 0x000000008a600000| PB 0x000000008a600000| Untracked |  0
|  89|0x000000008a700000, 0x000000008a700000, 0x000000008a800000|  0%| F|  |TAMS 0x000000008a700000| PB 0x000000008a700000| Untracked |  0
|  90|0x000000008a800000, 0x000000008a800000, 0x000000008a900000|  0%| F|  |TAMS 0x000000008a800000| PB 0x000000008a800000| Untracked |  0
|  91|0x000000008a900000, 0x000000008a900000, 0x000000008aa00000|  0%| F|  |TAMS 0x000000008a900000| PB 0x000000008a900000| Untracked |  0
|  92|0x000000008aa00000, 0x000000008aa00000, 0x000000008ab00000|  0%| F|  |TAMS 0x000000008aa00000| PB 0x000000008aa00000| Untracked |  0
|  93|0x000000008ab00000, 0x000000008ab00000, 0x000000008ac00000|  0%| F|  |TAMS 0x000000008ab00000| PB 0x000000008ab00000| Untracked |  0
|  94|0x000000008ac00000, 0x000000008ac00000, 0x000000008ad00000|  0%| F|  |TAMS 0x000000008ac00000| PB 0x000000008ac00000| Untracked |  0
|  95|0x000000008ad00000, 0x000000008ada26e8, 0x000000008ae00000| 63%| E|  |TAMS 0x000000008ad00000| PB 0x000000008ad00000| Complete |  0
|  96|0x000000008ae00000, 0x000000008af00000, 0x000000008af00000|100%| E|CS|TAMS 0x000000008ae00000| PB 0x000000008ae00000| Complete |  0
|  97|0x000000008af00000, 0x000000008b000000, 0x000000008b000000|100%| E|CS|TAMS 0x000000008af00000| PB 0x000000008af00000| Complete |  0
|  98|0x000000008b000000, 0x000000008b100000, 0x000000008b100000|100%| E|  |TAMS 0x000000008b000000| PB 0x000000008b000000| Complete |  0
|  99|0x000000008b100000, 0x000000008b200000, 0x000000008b200000|100%| E|CS|TAMS 0x000000008b100000| PB 0x000000008b100000| Complete |  0
| 100|0x000000008b200000, 0x000000008b300000, 0x000000008b300000|100%| E|CS|TAMS 0x000000008b200000| PB 0x000000008b200000| Complete |  0
| 101|0x000000008b300000, 0x000000008b400000, 0x000000008b400000|100%| E|CS|TAMS 0x000000008b300000| PB 0x000000008b300000| Complete |  0
| 102|0x000000008b400000, 0x000000008b500000, 0x000000008b500000|100%| E|CS|TAMS 0x000000008b400000| PB 0x000000008b400000| Complete |  0
| 103|0x000000008b500000, 0x000000008b600000, 0x000000008b600000|100%| E|CS|TAMS 0x000000008b500000| PB 0x000000008b500000| Complete |  0
| 104|0x000000008b600000, 0x000000008b700000, 0x000000008b700000|100%| E|CS|TAMS 0x000000008b600000| PB 0x000000008b600000| Complete |  0
| 105|0x000000008b700000, 0x000000008b800000, 0x000000008b800000|100%| E|CS|TAMS 0x000000008b700000| PB 0x000000008b700000| Complete |  0
| 106|0x000000008b800000, 0x000000008b900000, 0x000000008b900000|100%| E|CS|TAMS 0x000000008b800000| PB 0x000000008b800000| Complete |  0
| 107|0x000000008b900000, 0x000000008ba00000, 0x000000008ba00000|100%| E|CS|TAMS 0x000000008b900000| PB 0x000000008b900000| Complete |  0
| 108|0x000000008ba00000, 0x000000008bb00000, 0x000000008bb00000|100%| E|CS|TAMS 0x000000008ba00000| PB 0x000000008ba00000| Complete |  0
| 109|0x000000008bb00000, 0x000000008bc00000, 0x000000008bc00000|100%| E|CS|TAMS 0x000000008bb00000| PB 0x000000008bb00000| Complete |  0
| 110|0x000000008bc00000, 0x000000008bd00000, 0x000000008bd00000|100%| E|CS|TAMS 0x000000008bc00000| PB 0x000000008bc00000| Complete |  0
| 111|0x000000008bd00000, 0x000000008be00000, 0x000000008be00000|100%| E|CS|TAMS 0x000000008bd00000| PB 0x000000008bd00000| Complete |  0
| 112|0x000000008be00000, 0x000000008bf00000, 0x000000008bf00000|100%| E|CS|TAMS 0x000000008be00000| PB 0x000000008be00000| Complete |  0
| 113|0x000000008bf00000, 0x000000008c000000, 0x000000008c000000|100%| E|CS|TAMS 0x000000008bf00000| PB 0x000000008bf00000| Complete |  0
| 114|0x000000008c000000, 0x000000008c100000, 0x000000008c100000|100%| E|CS|TAMS 0x000000008c000000| PB 0x000000008c000000| Complete |  0
| 115|0x000000008c100000, 0x000000008c200000, 0x000000008c200000|100%| E|CS|TAMS 0x000000008c100000| PB 0x000000008c100000| Complete |  0
| 116|0x000000008c200000, 0x000000008c300000, 0x000000008c300000|100%| E|CS|TAMS 0x000000008c200000| PB 0x000000008c200000| Complete |  0
| 117|0x000000008c300000, 0x000000008c400000, 0x000000008c400000|100%| E|CS|TAMS 0x000000008c300000| PB 0x000000008c300000| Complete |  0
| 118|0x000000008c400000, 0x000000008c500000, 0x000000008c500000|100%| E|CS|TAMS 0x000000008c400000| PB 0x000000008c400000| Complete |  0
| 119|0x000000008c500000, 0x000000008c600000, 0x000000008c600000|100%| E|CS|TAMS 0x000000008c500000| PB 0x000000008c500000| Complete |  0
| 120|0x000000008c600000, 0x000000008c700000, 0x000000008c700000|100%| E|CS|TAMS 0x000000008c600000| PB 0x000000008c600000| Complete |  0
| 121|0x000000008c700000, 0x000000008c800000, 0x000000008c800000|100%| E|CS|TAMS 0x000000008c700000| PB 0x000000008c700000| Complete |  0
| 122|0x000000008c800000, 0x000000008c900000, 0x000000008c900000|100%| E|CS|TAMS 0x000000008c800000| PB 0x000000008c800000| Complete |  0
| 123|0x000000008c900000, 0x000000008ca00000, 0x000000008ca00000|100%| E|CS|TAMS 0x000000008c900000| PB 0x000000008c900000| Complete |  0
|1968|0x00000000ffe00000, 0x00000000fff00000, 0x00000000fff00000|100%| O|  |TAMS 0x00000000ffe00000| PB 0x00000000ffe00000| Untracked |  0
|1969|0x00000000fff00000, 0x00000000fff256a0, 0x0000000100000000| 14%| O|  |TAMS 0x00000000fff00000| PB 0x00000000fff00000| Untracked |  0

Card table byte_map: [0x00000219ee820000,0x00000219eec00000] _byte_map_base: 0x00000219ee3f9000

Marking Bits: (CMBitMap*) 0x00000219d66cfe70
 Bits: [0x00000219eec00000, 0x00000219f0ac8000)

Polling page: 0x00000219d44e0000

Metaspace:
Metaspace        used 19775K, committed 20096K, reserved 1114112K
 class space     used 1851K, committed 1984K, reserved 1048576K

Usage:
  Non-class:     17.50 MB used.
      Class:      1.81 MB used.
       Both:     19.31 MB used.

Virtual space:
  Non-class space:       64.00 MB reserved,      17.69 MB ( 28%) committed,  1 nodes.
      Class space:        1.00 GB reserved,       1.94 MB ( <1%) committed,  1 nodes.
             Both:        1.06 GB reserved,      19.62 MB (  2%) committed. 

Chunk freelists:
   Non-Class:  13.55 MB
       Class:  13.91 MB
        Both:  27.45 MB

MaxMetaspaceSize: unlimited
CompressedClassSpaceSize: 1.00 GB
Initial GC threshold: 21.00 MB
Current GC threshold: 21.00 MB
CDS: on
 - commit_granule_bytes: 65536.
 - commit_granule_words: 8192.
 - virtual_space_node_default_size: 8388608.
 - enlarge_chunks_in_place: 1.
UseCompressedClassPointers 1, UseCompactObjectHeaders 0
Narrow klass pointer bits 32, Max shift 3
Narrow klass base: 0x0000000003000000, Narrow klass shift: 0
Encoding Range: [0x0000000003000000 - 0x0000000103000000), (4294967296 bytes)
Klass Range:    [0x0000000003010000 - 0x0000000044000000), (1090453504 bytes)
Klass ID Range:  [65536 - 1090519033) (1090453497)
Protection zone: [0x0000000003000000 - 0x0000000003010000), (65536 bytes)


Internal statistics:

num_allocs_failed_limit: 0.
num_arena_births: 158.
num_arena_deaths: 0.
num_vsnodes_births: 2.
num_vsnodes_deaths: 0.
num_space_committed: 314.
num_space_uncommitted: 0.
num_chunks_returned_to_freelist: 0.
num_chunks_taken_from_freelist: 859.
num_chunk_merges: 0.
num_chunk_splits: 598.
num_chunks_enlarged: 479.
num_inconsistent_stats: 0.

CodeHeap 'non-profiled nmethods': size=120064Kb used=1916Kb max_used=1916Kb free=118147Kb
 bounds [0x00000219e69b0000, 0x00000219e6c20000, 0x00000219edef0000]
CodeHeap 'profiled nmethods': size=120000Kb used=9754Kb max_used=9754Kb free=110245Kb
 bounds [0x00000219deef0000, 0x00000219df880000, 0x00000219e6420000]
CodeHeap 'non-nmethods': size=5696Kb used=1411Kb max_used=1533Kb free=4284Kb
 bounds [0x00000219e6420000, 0x00000219e6690000, 0x00000219e69b0000]
CodeCache: size=245760Kb, used=13081Kb, max_used=13203Kb, free=232676Kb
 total_blobs=6275, nmethods=5731, adapters=445, full_count=0
Compilation: enabled, stopped_count=0, restarted_count=0

Compilation events (20 events):
Event: 13.426 Thread 0x00000219f35fed00 5731       3       java.lang.invoke.InfoFromMemberName::getName (8 bytes)
Event: 13.427 Thread 0x00000219f35fed00 nmethod 5731 0x00000219df86a488 code [0x00000219df86a580, 0x00000219df86aa10]
Event: 13.427 Thread 0x00000219f35fed00 5732       3       java.lang.invoke.InfoFromMemberName::getMethodType (8 bytes)
Event: 13.428 Thread 0x00000219f35fed00 nmethod 5732 0x00000219df86aa88 code [0x00000219df86ab80, 0x00000219df86ad38]
Event: 13.428 Thread 0x00000219f35fed00 5733       3       java.lang.invoke.InnerClassLambdaMetafactory::sanitizedTargetClassName (30 bytes)
Event: 13.428 Thread 0x00000219f35fed00 nmethod 5733 0x00000219df86ad88 code [0x00000219df86ae80, 0x00000219df86b340]
Event: 13.513 Thread 0x00000219f35fed00 5734   !   3       java.util.jar.JarFile::getBytes (218 bytes)
Event: 13.516 Thread 0x00000219f35fed00 nmethod 5734 0x00000219df86b388 code [0x00000219df86b480, 0x00000219df86d3a8]
Event: 13.536 Thread 0x00000219f35fed00 5735   !   3       java.util.zip.ZipFile$CleanableResource::run (251 bytes)
Event: 13.539 Thread 0x00000219f35fed00 nmethod 5735 0x00000219df86d408 code [0x00000219df86d500, 0x00000219df86e7a0]
Event: 13.541 Thread 0x00000219f35fed00 5736       3       java.util.Collections$SetFromMap::isEmpty (10 bytes)
Event: 13.541 Thread 0x00000219f35fed00 nmethod 5736 0x00000219df86e808 code [0x00000219df86e900, 0x00000219df86ead8]
Event: 13.661 Thread 0x00000219f35fed00 5738       3       java.util.zip.Inflater::<init> (28 bytes)
Event: 13.662 Thread 0x00000219f35fed00 nmethod 5738 0x00000219df86eb08 code [0x00000219df86ec00, 0x00000219df86ef10]
Event: 13.671 Thread 0x00000219f35fed00 5739       3       sun.nio.fs.WindowsPath::hashCode (52 bytes)
Event: 13.672 Thread 0x00000219f35fed00 nmethod 5739 0x00000219df86ef88 code [0x00000219df86f080, 0x00000219df86fba8]
Event: 13.716 Thread 0x00000219f35fed00 5740       3       java.util.Optional::of (12 bytes)
Event: 13.717 Thread 0x00000219f35fed00 nmethod 5740 0x00000219df86fc08 code [0x00000219df86fd00, 0x00000219df8700a0]
Event: 13.736 Thread 0x00000219f35fed00 5741       3       sun.nio.fs.WindowsPath::elementAsString (62 bytes)
Event: 13.737 Thread 0x00000219f35fed00 nmethod 5741 0x00000219df870108 code [0x00000219df870200, 0x00000219df870a60]

GC Heap Usage History (6 events):
Event: 3.240 {heap Before GC invocations=0 (full 0):
 garbage-first heap   total reserved 2017280K, committed 129024K, used 49301K [0x0000000084e00000, 0x0000000100000000)
  region size 1024K, 47 young (48128K), 0 survivors (0K)
}
Event: 3.255 {heap After GC invocations=1 (full 0):
 garbage-first heap   total reserved 2017280K, committed 129024K, used 5482K [0x0000000084e00000, 0x0000000100000000)
  region size 1024K, 5 young (5120K), 5 survivors (5120K)
}
Event: 8.350 {heap Before GC invocations=1 (full 0):
 garbage-first heap   total reserved 2017280K, committed 129024K, used 60778K [0x0000000084e00000, 0x0000000100000000)
  region size 1024K, 59 young (60416K), 5 survivors (5120K)
}
Event: 8.389 {heap After GC invocations=2 (full 0):
 garbage-first heap   total reserved 2017280K, committed 129024K, used 11720K [0x0000000084e00000, 0x0000000100000000)
  region size 1024K, 8 young (8192K), 8 survivors (8192K)
}
Event: 11.828 {heap Before GC invocations=2 (full 0):
 garbage-first heap   total reserved 2017280K, committed 129024K, used 75208K [0x0000000084e00000, 0x0000000100000000)
  region size 1024K, 70 young (71680K), 8 survivors (8192K)
}
Event: 11.861 {heap After GC invocations=3 (full 0):
 garbage-first heap   total reserved 2017280K, committed 129024K, used 15969K [0x0000000084e00000, 0x0000000100000000)
  region size 1024K, 4 young (4096K), 4 survivors (4096K)
}

Metaspace Usage History (6 events):
Event: 3.240 {metaspace Before GC invocations=0 (full 0):
 Metaspace       used 8715K, committed 8896K, reserved 1114112K
  class space    used 757K, committed 832K, reserved 1048576K
}
Event: 3.255 {metaspace After GC invocations=1 (full 0):
 Metaspace       used 8715K, committed 8896K, reserved 1114112K
  class space    used 757K, committed 832K, reserved 1048576K
}
Event: 8.350 {metaspace Before GC invocations=1 (full 0):
 Metaspace       used 15286K, committed 15552K, reserved 1114112K
  class space    used 1463K, committed 1536K, reserved 1048576K
}
Event: 8.389 {metaspace After GC invocations=2 (full 0):
 Metaspace       used 15286K, committed 15552K, reserved 1114112K
  class space    used 1463K, committed 1536K, reserved 1048576K
}
Event: 11.828 {metaspace Before GC invocations=2 (full 0):
 Metaspace       used 16419K, committed 16704K, reserved 1114112K
  class space    used 1509K, committed 1600K, reserved 1048576K
}
Event: 11.861 {metaspace After GC invocations=3 (full 0):
 Metaspace       used 16419K, committed 16704K, reserved 1114112K
  class space    used 1509K, committed 1600K, reserved 1048576K
}

Dll operation events (7 events):
Event: 0.018 Loaded shared library C:\Program Files\Java\jdk-25\bin\java.dll
Event: 0.103 Loaded shared library C:\Program Files\Java\jdk-25\bin\net.dll
Event: 0.111 Loaded shared library C:\Program Files\Java\jdk-25\bin\nio.dll
Event: 0.123 Loaded shared library C:\Program Files\Java\jdk-25\bin\zip.dll
Event: 0.563 Loaded shared library C:\Program Files\Java\jdk-25\bin\jimage.dll
Event: 0.565 Loaded shared library C:\Program Files\Apache\Maven\lib\jansi-native\Windows\x86_64\jansi.dll
Event: 0.607 Loaded shared library C:\Program Files\Java\jdk-25\bin\verify.dll

Deoptimization events (20 events):
Event: 13.030 Thread 0x00000219d41a5f70 DEOPT PACKING pc=0x00000219e6b8964c sp=0x0000009688cfd970
Event: 13.030 Thread 0x00000219d41a5f70 DEOPT UNPACKING pc=0x00000219e653f902 sp=0x0000009688cfd8f0 mode 2
Event: 13.069 Thread 0x00000219d41a5f70 Uncommon trap: trap_request=0xffffffbe fr.pc=0x00000219e6b8964c relative=0x00000000000001cc
Event: 13.069 Thread 0x00000219d41a5f70 Uncommon trap: reason=profile_predicate action=maybe_recompile pc=0x00000219e6b8964c method=java.util.HashMap.keysToArray([Ljava/lang/Object;)[Ljava/lang/Object; @ 36 c2
Event: 13.069 Thread 0x00000219d41a5f70 DEOPT PACKING pc=0x00000219e6b8964c sp=0x0000009688cfd8b0
Event: 13.069 Thread 0x00000219d41a5f70 DEOPT UNPACKING pc=0x00000219e653f902 sp=0x0000009688cfd830 mode 2
Event: 13.122 Thread 0x00000219d41a5f70 Uncommon trap: trap_request=0xffffff45 fr.pc=0x00000219e6aeb800 relative=0x0000000000000080
Event: 13.122 Thread 0x00000219d41a5f70 Uncommon trap: reason=unstable_if action=reinterpret pc=0x00000219e6aeb800 method=java.util.Spliterator.getExactSizeIfKnown()J @ 9 c2
Event: 13.122 Thread 0x00000219d41a5f70 DEOPT PACKING pc=0x00000219e6aeb800 sp=0x0000009688cfd970
Event: 13.122 Thread 0x00000219d41a5f70 DEOPT UNPACKING pc=0x00000219e653f902 sp=0x0000009688cfd8f8 mode 2
Event: 13.418 Thread 0x00000219d41a5f70 DEOPT PACKING pc=0x00000219df6ab275 sp=0x0000009688cfcb70
Event: 13.418 Thread 0x00000219d41a5f70 DEOPT UNPACKING pc=0x00000219e6471702 sp=0x0000009688cfc0a8 mode 0
Event: 13.479 Thread 0x00000219d41a5f70 Uncommon trap: trap_request=0xffffff45 fr.pc=0x00000219e6a33540 relative=0x0000000000000bc0
Event: 13.479 Thread 0x00000219d41a5f70 Uncommon trap: reason=unstable_if action=reinterpret pc=0x00000219e6a33540 method=jdk.internal.jimage.ImageLocation.verifyName(Ljava/lang/String;Ljava/lang/String;IIIIIILjdk/internal/jimage/ImageStrings;)Z @ 45 c2
Event: 13.480 Thread 0x00000219d41a5f70 DEOPT PACKING pc=0x00000219e6a33540 sp=0x0000009688cfc9c0
Event: 13.480 Thread 0x00000219d41a5f70 DEOPT UNPACKING pc=0x00000219e653f902 sp=0x0000009688cfc6d8 mode 2
Event: 13.482 Thread 0x00000219d41a5f70 Uncommon trap: trap_request=0xffffffc6 fr.pc=0x00000219e6a2ac8c relative=0x000000000000178c
Event: 13.482 Thread 0x00000219d41a5f70 Uncommon trap: reason=bimorphic_or_optimized_type_check action=maybe_recompile pc=0x00000219e6a2ac8c method=java.net.URL.<init>(Ljava/net/URL;Ljava/lang/String;Ljava/net/URLStreamHandler;)V @ 484 c2
Event: 13.482 Thread 0x00000219d41a5f70 DEOPT PACKING pc=0x00000219e6a2ac8c sp=0x0000009688cfc9d0
Event: 13.482 Thread 0x00000219d41a5f70 DEOPT UNPACKING pc=0x00000219e653f902 sp=0x0000009688cfc930 mode 2

Classes loaded (20 events):
Event: 13.468 Loading class java/nio/file/FileStore
Event: 13.468 Loading class java/nio/file/FileStore done
Event: 13.468 Loading class java/nio/channels/AsynchronousFileChannel
Event: 13.470 Loading class java/nio/channels/AsynchronousChannel
Event: 13.471 Loading class java/nio/channels/AsynchronousChannel done
Event: 13.471 Loading class java/nio/channels/AsynchronousFileChannel done
Event: 13.477 Loading class jdk/internal/jrtfs/JrtFileSystemProvider
Event: 13.479 Loading class jdk/internal/jrtfs/JrtFileSystemProvider done
Event: 13.480 Loading class sun/net/www/protocol/jrt/JavaRuntimeURLConnection
Event: 13.481 Loading class sun/net/www/protocol/jrt/JavaRuntimeURLConnection done
Event: 13.483 Loading class sun/net/www/protocol/jrt/JavaRuntimeURLConnection$1
Event: 13.484 Loading class sun/net/www/protocol/jrt/JavaRuntimeURLConnection$1 done
Event: 13.485 Loading class jdk/internal/jimage/ImageBufferCache
Event: 13.487 Loading class jdk/internal/jimage/ImageBufferCache done
Event: 13.488 Loading class jdk/internal/jimage/ImageBufferCache$1
Event: 13.489 Loading class jdk/internal/jimage/ImageBufferCache$1 done
Event: 13.490 Loading class jdk/internal/jimage/ImageBufferCache$2
Event: 13.490 Loading class jdk/internal/jimage/ImageBufferCache$2 done
Event: 13.490 Loading class java/util/AbstractMap$SimpleEntry
Event: 13.491 Loading class java/util/AbstractMap$SimpleEntry done

Classes unloaded (0 events):
No events

Classes redefined (0 events):
No events

Internal exceptions (20 events):
Event: 5.656 Thread 0x00000219d41a5f70 Exception <a 'java/lang/NoSuchMethodError'{0x000000008b5acb18}: 'java.lang.Object java.lang.invoke.DirectMethodHandle$Holder.invokeStaticInit(java.lang.Object, int, int, int, int)'> (0x000000008b5acb18) 
thrown [s\open\src\hotspot\share\interpreter\linkResolver.cpp, line 804]
Event: 6.139 Thread 0x00000219d41a5f70 Implicit null exception at 0x00000219e6a5afb6 to 0x00000219e6a5b98c
Event: 6.139 Thread 0x00000219d41a5f70 Implicit null exception at 0x00000219e69f18b6 to 0x00000219e69f22a8
Event: 6.383 Thread 0x00000219d41a5f70 Exception <a 'java/lang/NoSuchMethodError'{0x000000008b0dbcc8}: 'void java.lang.invoke.DirectMethodHandle$Holder.invokeSpecial(java.lang.Object, java.lang.Object, java.lang.Object, java.lang.Object, java.lang.Object)'> (0x000000008b0dbcc8) 
thrown [s\open\src\hotspot\share\interpreter\linkResolver.cpp, line 804]
Event: 6.397 Thread 0x00000219d41a5f70 Exception <a 'java/lang/NoSuchMethodError'{0x000000008af14120}: 'void java.lang.invoke.DirectMethodHandle$Holder.invokeSpecial(java.lang.Object, java.lang.Object, java.lang.Object, java.lang.Object, java.lang.Object, java.lang.Object)'> (0x000000008af14120) 
thrown [s\open\src\hotspot\share\interpreter\linkResolver.cpp, line 804]
Event: 6.451 Thread 0x00000219d41a5f70 Exception <a 'java/lang/NoSuchMethodError'{0x000000008ae6a660}: 'java.lang.Object java.lang.invoke.DirectMethodHandle$Holder.invokeVirtual(java.lang.Object, java.lang.Object, java.lang.Object)'> (0x000000008ae6a660) 
thrown [s\open\src\hotspot\share\interpreter\linkResolver.cpp, line 804]
Event: 6.638 Thread 0x00000219d41a5f70 Exception <a 'java/lang/NoSuchMethodError'{0x000000008acab510}: 'void java.lang.invoke.DirectMethodHandle$Holder.invokeVirtual(java.lang.Object, java.lang.Object, int)'> (0x000000008acab510) 
thrown [s\open\src\hotspot\share\interpreter\linkResolver.cpp, line 804]
Event: 6.647 Thread 0x00000219d41a5f70 Exception <a 'java/lang/NoSuchMethodError'{0x000000008acc4338}: 'java.lang.Object java.lang.invoke.DirectMethodHandle$Holder.invokeStatic(java.lang.Object, java.lang.Object, java.lang.Object, java.lang.Object, int)'> (0x000000008acc4338) 
thrown [s\open\src\hotspot\share\interpreter\linkResolver.cpp, line 804]
Event: 6.650 Thread 0x00000219d41a5f70 Exception <a 'java/lang/NoSuchMethodError'{0x000000008acd5a68}: 'void java.lang.invoke.DirectMethodHandle$Holder.invokeSpecial(java.lang.Object, java.lang.Object, java.lang.Object, int)'> (0x000000008acd5a68) 
thrown [s\open\src\hotspot\share\interpreter\linkResolver.cpp, line 804]
Event: 6.651 Thread 0x00000219d41a5f70 Exception <a 'java/lang/NoSuchMethodError'{0x000000008acdde00}: 'void java.lang.invoke.DelegatingMethodHandle$Holder.reinvoke_L(java.lang.Object, java.lang.Object, int)'> (0x000000008acdde00) 
thrown [s\open\src\hotspot\share\interpreter\linkResolver.cpp, line 804]
Event: 8.454 Thread 0x00000219d41a5f70 Implicit null exception at 0x00000219e6ab65ff to 0x00000219e6ab7188
Event: 8.455 Thread 0x00000219d41a5f70 Implicit null exception at 0x00000219e6a53eca to 0x00000219e6a540d8
Event: 8.455 Thread 0x00000219d41a5f70 Implicit null exception at 0x00000219e6a52bb6 to 0x00000219e6a52c52
Event: 8.459 Thread 0x00000219d41a5f70 Exception <a 'java/lang/NoSuchMethodError'{0x000000008c72ff28}: 'void java.lang.invoke.DirectMethodHandle$Holder.invokeStatic(java.lang.Object, java.lang.Object, java.lang.Object, java.lang.Object)'> (0x000000008c72ff28) 
thrown [s\open\src\hotspot\share\interpreter\linkResolver.cpp, line 804]
Event: 11.533 Thread 0x00000219d41a5f70 Exception <a 'java/lang/NoSuchMethodError'{0x000000008912caa8}: 'java.lang.Object java.lang.invoke.DirectMethodHandle$Holder.newInvokeSpecial(java.lang.Object, java.lang.Object, java.lang.Object, java.lang.Object, java.lang.Object, java.lang.Object, java.lang.Object)'> (0x000000008912caa8) 
thrown [s\open\src\hotspot\share\interpreter\linkResolver.cpp, line 804]
Event: 12.182 Thread 0x00000219d41a5f70 Exception <a 'java/lang/NoSuchMethodError'{0x000000008c6a4278}: 'int java.lang.invoke.DirectMethodHandle$Holder.invokeVirtual(java.lang.Object, java.lang.Object)'> (0x000000008c6a4278) 
thrown [s\open\src\hotspot\share\interpreter\linkResolver.cpp, line 804]
Event: 12.266 Thread 0x00000219d41a5f70 Exception <a 'java/lang/NoSuchMethodError'{0x000000008c5ed888}: 'void java.lang.invoke.Invokers$Holder.invokeExact_MT(java.lang.Object, java.lang.Object, int, java.lang.Object)'> (0x000000008c5ed888) 
thrown [s\open\src\hotspot\share\interpreter\linkResolver.cpp, line 804]
Event: 13.120 Thread 0x00000219d41a5f70 Exception <a 'java/lang/IncompatibleClassChangeError'{0x000000008b4e0ee8}: Found class java.lang.Object, but interface was expected> (0x000000008b4e0ee8) 
thrown [s\open\src\hotspot\share\interpreter\linkResolver.cpp, line 871]
Event: 13.126 Thread 0x00000219d41a5f70 Exception <a 'java/lang/NoSuchMethodError'{0x000000008b4f0480}: 'void java.lang.invoke.DirectMethodHandle$Holder.invokeInterface(java.lang.Object, java.lang.Object, java.lang.Object)'> (0x000000008b4f0480) 
thrown [s\open\src\hotspot\share\interpreter\linkResolver.cpp, line 804]
Event: 13.425 Thread 0x00000219d41a5f70 Exception <a 'java/lang/NoSuchMethodError'{0x000000008b28e588}: 'int java.lang.invoke.DirectMethodHandle$Holder.invokeInterface(java.lang.Object, java.lang.Object)'> (0x000000008b28e588) 
thrown [s\open\src\hotspot\share\interpreter\linkResolver.cpp, line 804]

VM Operations (20 events):
Event: 5.714 Executing non-safepoint VM operation: HandshakeAllThreads (Deoptimize)
Event: 5.714 Executing non-safepoint VM operation: HandshakeAllThreads (Deoptimize) done
Event: 5.809 Executing non-safepoint VM operation: HandshakeAllThreads (Deoptimize)
Event: 5.809 Executing non-safepoint VM operation: HandshakeAllThreads (Deoptimize) done
Event: 5.968 Executing non-safepoint VM operation: HandshakeAllThreads (Deoptimize)
Event: 5.968 Executing non-safepoint VM operation: HandshakeAllThreads (Deoptimize) done
Event: 5.972 Executing non-safepoint VM operation: HandshakeAllThreads (Deoptimize)
Event: 5.972 Executing non-safepoint VM operation: HandshakeAllThreads (Deoptimize) done
Event: 8.350 Executing safepoint VM operation: G1CollectForAllocation (G1 Evacuation Pause)
Event: 8.389 Executing safepoint VM operation: G1CollectForAllocation (G1 Evacuation Pause) done
Event: 11.828 Executing safepoint VM operation: G1CollectForAllocation (G1 Evacuation Pause)
Event: 11.861 Executing safepoint VM operation: G1CollectForAllocation (G1 Evacuation Pause) done
Event: 12.264 Executing non-safepoint VM operation: HandshakeAllThreads (Deoptimize)
Event: 12.264 Executing non-safepoint VM operation: HandshakeAllThreads (Deoptimize) done
Event: 13.224 Executing non-safepoint VM operation: HandshakeAllThreads (Deoptimize)
Event: 13.224 Executing non-safepoint VM operation: HandshakeAllThreads (Deoptimize) done
Event: 13.416 Executing non-safepoint VM operation: HandshakeAllThreads (Deoptimize)
Event: 13.416 Executing non-safepoint VM operation: HandshakeAllThreads (Deoptimize) done
Event: 13.477 Executing non-safepoint VM operation: HandshakeAllThreads (Deoptimize)
Event: 13.477 Executing non-safepoint VM operation: HandshakeAllThreads (Deoptimize) done

Memory protections (0 events):
No events

Nmethod flushes (0 events):
No events

Events (14 events):
Event: 0.047 Thread 0x00000219d41a5f70 Thread added: 0x00000219d41a5f70
Event: 0.066 Thread 0x00000219d41a5f70 Thread added: 0x00000219d6722a00
Event: 0.066 Thread 0x00000219d41a5f70 Thread added: 0x00000219d67231d0
Event: 0.066 Thread 0x00000219d41a5f70 Thread added: 0x00000219f35cd3a0
Event: 0.066 Thread 0x00000219d41a5f70 Thread added: 0x00000219f35d6b20
Event: 0.067 Thread 0x00000219d41a5f70 Thread added: 0x00000219f35d5b80
Event: 0.067 Thread 0x00000219d41a5f70 Thread added: 0x00000219f35d7ac0
Event: 0.067 Thread 0x00000219d41a5f70 Thread added: 0x00000219f35e80b0
Event: 0.067 Thread 0x00000219d41a5f70 Thread added: 0x00000219f35fed00
Event: 0.091 Thread 0x00000219d41a5f70 Thread added: 0x00000219f35da9a0
Event: 0.098 Thread 0x00000219d41a5f70 Thread added: 0x00000219f35db170
Event: 0.556 Thread 0x00000219d41a5f70 Thread added: 0x00000219f35db940
Event: 0.579 Thread 0x00000219f35db940 Thread exited: 0x00000219f35db940
Event: 5.805 Thread 0x00000219d41a5f70 Thread added: 0x00000219f35d1220


Dynamic libraries:
0x00007ff7b0850000 - 0x00007ff7b0860000 	C:\Program Files\Java\jdk-25\bin\java.exe
0x00007ffeca560000 - 0x00007ffeca7c6000 	C:\WINDOWS\SYSTEM32\ntdll.dll
0x00007ffec9b80000 - 0x00007ffec9c49000 	C:\WINDOWS\System32\KERNEL32.DLL
0x00007ffec7a10000 - 0x00007ffec7e0f000 	C:\WINDOWS\System32\KERNELBASE.dll
0x00007ffec7fa0000 - 0x00007ffec80ec000 	C:\WINDOWS\System32\ucrtbase.dll
0x00007ffe62f20000 - 0x00007ffe62f3e000 	C:\Program Files\Java\jdk-25\bin\VCRUNTIME140.dll
0x00007ffe62dd0000 - 0x00007ffe62de7000 	C:\Program Files\Java\jdk-25\bin\jli.dll
0x00007ffec8400000 - 0x00007ffec85c6000 	C:\WINDOWS\System32\USER32.dll
0x00007ffea7bf0000 - 0x00007ffea7e81000 	C:\WINDOWS\WinSxS\amd64_microsoft.windows.common-controls_6595b64144ccf1df_6.0.26100.8972_none_3e0da176e32f9d4b\COMCTL32.dll
0x00007ffec7e20000 - 0x00007ffec7e47000 	C:\WINDOWS\System32\win32u.dll
0x00007ffec8af0000 - 0x00007ffec8b99000 	C:\WINDOWS\System32\msvcrt.dll
0x00007ffec8a90000 - 0x00007ffec8abb000 	C:\WINDOWS\System32\GDI32.dll
0x00007ffec78e0000 - 0x00007ffec7a09000 	C:\WINDOWS\System32\gdi32full.dll
0x00007ffec7770000 - 0x00007ffec7813000 	C:\WINDOWS\System32\msvcp_win.dll
0x00007ffec9b40000 - 0x00007ffec9b72000 	C:\WINDOWS\System32\IMM32.DLL
0x00007ffe6f2a0000 - 0x00007ffe6f2ac000 	C:\Program Files\Java\jdk-25\bin\vcruntime140_1.dll
0x00007ffe37d00000 - 0x00007ffe37d8d000 	C:\Program Files\Java\jdk-25\bin\msvcp140.dll
0x00007ffe1fcd0000 - 0x00007ffe20b2f000 	C:\Program Files\Java\jdk-25\bin\server\jvm.dll
0x00007ffec9920000 - 0x00007ffec99dc000 	C:\WINDOWS\System32\ADVAPI32.dll
0x00007ffeca470000 - 0x00007ffeca519000 	C:\WINDOWS\System32\sechost.dll
0x00007ffeca2c0000 - 0x00007ffeca3d8000 	C:\WINDOWS\System32\RPCRT4.dll
0x00007ffec9db0000 - 0x00007ffec9e32000 	C:\WINDOWS\System32\WS2_32.dll
0x00007ffec75f0000 - 0x00007ffec764e000 	C:\WINDOWS\SYSTEM32\POWRPROF.dll
0x00007ffea89a0000 - 0x00007ffea89ab000 	C:\WINDOWS\SYSTEM32\VERSION.dll
0x00007ffec3ca0000 - 0x00007ffec3cd6000 	C:\WINDOWS\SYSTEM32\WINMM.dll
0x00007ffec75d0000 - 0x00007ffec75e5000 	C:\WINDOWS\SYSTEM32\UMPDC.dll
0x00007ffec6460000 - 0x00007ffec647b000 	C:\WINDOWS\SYSTEM32\kernel.appcore.dll
0x00007ffe6f0b0000 - 0x00007ffe6f0ba000 	C:\Program Files\Java\jdk-25\bin\jimage.dll
0x00007ffec4dd0000 - 0x00007ffec5012000 	C:\WINDOWS\SYSTEM32\DBGHELP.DLL
0x00007ffec8d40000 - 0x00007ffec90c5000 	C:\WINDOWS\System32\combase.dll
0x00007ffec9f70000 - 0x00007ffeca049000 	C:\WINDOWS\System32\OLEAUT32.dll
0x00007ffea78f0000 - 0x00007ffea792b000 	C:\WINDOWS\SYSTEM32\dbgcore.DLL
0x00007ffec7820000 - 0x00007ffec78cc000 	C:\WINDOWS\System32\bcryptPrimitives.dll
0x00007ffe62b20000 - 0x00007ffe62b3f000 	C:\Program Files\Java\jdk-25\bin\java.dll
0x00007ffec8ba0000 - 0x00007ffec8d39000 	C:\WINDOWS\System32\ole32.dll
0x00007ffec90d0000 - 0x00007ffec9858000 	C:\WINDOWS\System32\SHELL32.dll
0x00007ffec51f0000 - 0x00007ffec5a8b000 	C:\WINDOWS\SYSTEM32\windows.storage.dll
0x00007ffec9cb0000 - 0x00007ffec9da9000 	C:\WINDOWS\System32\SHCORE.dll
0x00007ffeca250000 - 0x00007ffeca2b6000 	C:\WINDOWS\System32\shlwapi.dll
0x00007ffec7690000 - 0x00007ffec76b9000 	C:\WINDOWS\SYSTEM32\profapi.dll
0x00007ffe62b00000 - 0x00007ffe62b12000 	C:\Program Files\Java\jdk-25\bin\net.dll
0x00007ffec6a10000 - 0x00007ffec6a7c000 	C:\WINDOWS\system32\mswsock.dll
0x00007ffe62450000 - 0x00007ffe62466000 	C:\Program Files\Java\jdk-25\bin\nio.dll
0x00007ffe62430000 - 0x00007ffe62447000 	C:\Program Files\Java\jdk-25\bin\zip.dll
0x00007ffe61000000 - 0x00007ffe61024000 	C:\Program Files\Apache\Maven\lib\jansi-native\Windows\x86_64\jansi.dll
0x00007ffe6ef60000 - 0x00007ffe6ef70000 	C:\Program Files\Java\jdk-25\bin\verify.dll

JVMTI agents: none

dbghelp: loaded successfully - version: 4.0.5 - missing functions: none
symbol engine: initialized successfully - sym options: 0x614 - pdb path: .;C:\Program Files\Java\jdk-25\bin;C:\WINDOWS\SYSTEM32;C:\WINDOWS\WinSxS\amd64_microsoft.windows.common-controls_6595b64144ccf1df_6.0.26100.8972_none_3e0da176e32f9d4b;C:\Program Files\Java\jdk-25\bin\server;C:\Program Files\Apache\Maven\lib\jansi-native\Windows\x86_64

VM Arguments:
jvm_args: --enable-native-access=ALL-UNNAMED -Dclassworlds.conf=C:\Program Files\Apache\Maven\bin\m2.conf -Dmaven.home=C:\Program Files\Apache\Maven -Dlibrary.jansi.path=C:\Program Files\Apache\Maven\lib\jansi-native -Dmaven.multiModuleProjectDirectory=C:\Users\Mahendra\OneDrive\Desktop\Projects\nurl 
java_command: org.codehaus.plexus.classworlds.launcher.Launcher spring-boot:run
java_class_path (initial): C:\Program Files\Apache\Maven\boot\plexus-classworlds-2.11.0.jar
Launcher Type: SUN_STANDARD

[Global flags]
     intx CICompilerCount                          = 4                                         {product} {ergonomic}
     uint ConcGCThreads                            = 3                                         {product} {ergonomic}
     uint G1ConcRefinementThreads                  = 10                                        {product} {ergonomic}
   size_t G1HeapRegionSize                         = 1048576                                   {product} {ergonomic}
   size_t InitialHeapSize                          = 130023424                                 {product} {ergonomic}
   size_t MarkStackSize                            = 4194304                                   {product} {ergonomic}
   size_t MarkStackSizeMax                         = 536870912                                 {product} {ergonomic}
   size_t MaxHeapSize                              = 2065694720                                {product} {ergonomic}
   size_t MaxNewSize                               = 1239416832                                {product} {ergonomic}
   size_t MinHeapDeltaBytes                        = 1048576                                   {product} {ergonomic}
   size_t MinHeapSize                              = 8388608                                   {product} {ergonomic}
    uintx NonNMethodCodeHeapSize                   = 5832704                                {pd product} {ergonomic}
    uintx NonProfiledCodeHeapSize                  = 122945536                              {pd product} {ergonomic}
    uintx ProfiledCodeHeapSize                     = 122880000                              {pd product} {ergonomic}
    uintx ReservedCodeCacheSize                    = 251658240                              {pd product} {ergonomic}
     bool SegmentedCodeCache                       = true                                      {product} {ergonomic}
   size_t SoftMaxHeapSize                          = 2065694720                             {manageable} {ergonomic}
     bool UseCompressedOops                        = true                           {product lp64_product} {ergonomic}
     bool UseG1GC                                  = true                                      {product} {ergonomic}
     bool UseLargePagesIndividualAllocation        = false                                  {pd product} {ergonomic}

Logging:
Log output configuration:
 #0: stdout all=warning uptime,level,tags foldmultilines=false
 #1: stderr all=off uptime,level,tags foldmultilines=false

Release file:
IMPLEMENTOR="Oracle Corporation" 
JAVA_RUNTIME_VERSION="25.0.1+8-LTS-27" 
JAVA_VERSION="25.0.1" 
JAVA_VERSION_DATE="2025-10-21" 
LIBC="default" 
MODULES="java.base java.compiler java.datatransfer java.xml java.prefs java.desktop java.instrument java.logging java.management java.security.sasl java.naming java.rmi java.management.rmi java.net.http java.scripting java.security.jgss java.transaction.xa java.sql java.sql.rowset java.xml.crypto java.se java.smartcardio jdk.accessibility jdk.internal.jvmstat jdk.attach jdk.charsets jdk.internal.opt jdk.zipfs jdk.compiler jdk.crypto.cryptoki jdk.crypto.ec jdk.crypto.mscapi jdk.dynalink jdk.internal.ed jdk.editpad jdk.internal.vm.ci jdk.graal.compiler jdk.graal.compiler.management jdk.hotspot.agent jdk.httpserver jdk.incubator.vector jdk.internal.le jdk.internal.md jdk.jartool jdk.javadoc jdk.jcmd jdk.management jdk.management.agent jdk.jconsole jdk.jdeps jdk.jdwp.agent jdk.jdi jdk.jfr jdk.jlink jdk.jpackage jdk.jshell jdk.jsobject jdk.jstatd jdk.localedata jdk.management.jfr jdk.naming.dns jdk.naming.rmi jdk.net jdk.nio.mapmode jdk.sctp jdk.security.auth jdk.security.jgss jdk.unsupported jdk.unsupported.desktop jdk.xml.dom" 
OS_ARCH="x86_64" 
OS_NAME="Windows" 
SOURCE=".:git:862c85bc42b7 open:git:78770bfaefd2" 

Environment Variables:
JAVA_HOME=C:\Program Files\Java\jdk-25
PATH=C:\Program Files\Common Files\Oracle\Java\javapath;C:\Program Files\Python313\Scripts\;C:\Program Files\Python313\;C:\Python36-32\Scripts\;C:\Python36-32\;C:\Program Files\Python312\Scripts\;C:\Program Files\Python312\;C:\WINDOWS\system32;C:\WINDOWS;C:\WINDOWS\System32\Wbem;C:\WINDOWS\System32\WindowsPowerShell\v1.0\;C:\WINDOWS\System32\OpenSSH\;C:\Program Files\dotnet\;C:\xampp\php;C:\ProgramData\ComposerSetup\bin;C:\Program Files\Java\jdk-25\bin;%HADOOP_HOME%\bin;%HADOOP_HOME%\sbin;C:\Program Files\MySQL\MySQL Server 5.7\bin;C:\Sahil_Ghorpade\sqoop-1.4.7.bin__hadoop-2.6.0\bin;C:\Program Files\MongoDB\Server\8.2\bin;C:\Sahil_Ghorpade\apache-maven-3.9.11\bin;C:\Sahil_Ghorpade\cmake\bin;C:\Sahil_Ghorpade\protoc\bin;C:\Program Files\Git\cmd;C:\Program Files\Git\mingw64\bin;C:\Program Files\Git\usr\bin;C:\Program Files\nodejs\;C:\Program Files\Apache\Maven\bin;C:\Program Files\PostgreSQL\17\bin;C:\Users\Mahendra\AppData\Roaming\nvm;C:\Users\Mahendra\AppData\Roaming\nvm\v20.19.6;C:\Program Files\Python313\Scripts\;C:\Program Files\Python313\;C:\Python36-32\Scripts\;C:\Python36-32\;C:\Program Files\Python312\Scripts\;C:\Program Files\Python312\;C:\WINDOWS\system32;C:\WINDOWS;C:\WINDOWS\System32\Wbem;C:\WINDOWS\System32\WindowsPowerShell\v1.0\;C:\WINDOWS\System32\OpenSSH\;C:\Program Files\dotnet\;C:\xampp\php;C:\ProgramData\ComposerSetup\bin;C:\java\jdk-11\bin;C:\Sahil_Ghorpade\hadoop-3.3.6\bin;C:\Sahil_Ghorpade\hadoop-3.3.6\sbin;C:\Program Files\MySQL\MySQL Server 5.7\bin;C:\Sahil_Ghorpade\sqoop-1.4.7.bin__hadoop-2.6.0\bin;C:\Program Files\MongoDB\Server\8.2\bin;C:\Sahil_Ghorpade\apache-maven-3.9.11\bin;C:\Sahil_Ghorpade\cmake\bin;C:\Sahil_Ghorpade\protoc\bin;C:\Program Files\Git\cmd;C:\Program Files\Git\mingw64\bin;C:\Program Files\Git\usr\bin;C:\Program Files\nodejs\;C:\Users\Mahendra\AppData\Local\Programs\Python\Python313\Scripts\;C:\Users\Mahendra\AppData\Local\Programs\Python\Python313\;C:\Users;C:\ProgramData\nvm;C:\Program Files\nodejs;C:\Users\Mahendra\AppData\Local\Programs\mongosh\;C:\Users\Mahendra\AppData\Local\Programs\Microsoft VS Code\bin;C:\Users\Mahendra\AppData\Local\Programs\Antigravity\bin;C:\Users\Mahendra\AppData\Local\Programs\Antigravity IDE\bin;C:\Users\Mahendra\AppData\Roaming\npm;C:\Program Files\JetBrains\IntelliJ IDEA 2026.1.3\bin
USERNAME=Mahendra
OS=Windows_NT
PROCESSOR_IDENTIFIER=Intel64 Family 6 Model 154 Stepping 4, GenuineIntel
TMP=C:\Users\Mahendra\AppData\Local\Temp
TEMP=C:\Users\Mahendra\AppData\Local\Temp




Compilation memory statistics disabled.

Periodic native trim disabled

---------------  S Y S T E M  ---------------

OS:
 Windows 11 , 64 bit Build 26100 (10.0.26100.8972)
OS uptime: 6 days 12:38 hours
Hyper-V role detected

CPU: total 12 (initial active 12) (6 cores per cpu, 2 threads per core) family 6 model 154 stepping 4 microcode 0x43b, cx8, cmov, fxsr, ht, mmx, 3dnowpref, sse, sse2, sse3, ssse3, sse4.1, sse4.2, popcnt, lzcnt, tsc, tscinvbit, avx, avx2, aes, erms, clmul, bmi1, bmi2, adx, sha, fma, vzeroupper, clflush, clflushopt, clwb, hv, serialize, rdtscp, rdpid, fsrm, gfni, f16c, cet_ibt, cet_ss
Processor Information for the first 12 processors :
  Max Mhz: 1300, Current Mhz: 1300, Mhz Limit: 1300

Memory: 4k page, system-wide physical 7876M (227M free)
TotalPageFile size 32452M (AvailPageFile size 1M)
current process WorkingSet (physical memory assigned to process): 195M, peak: 195M
current process commit charge ("private bytes"): 275M, peak: 279M

vm_info: Java HotSpot(TM) 64-Bit Server VM (25.0.1+8-LTS-27) for windows-amd64 JRE (25.0.1+8-LTS-27), built on 2025-09-25T16:41:16Z with unknown MS VC++:1943

END.
